Date : 2020-02-15
Author : Corey 
Decription : This is a simple log file. 

hhsddjgshdfgfuieyecfjdhfjrehfueuehfueuehfuekjfkjjfkjfkfwehrennv 
werjiejwrijeffndvjehwhrjweehjkncjkdscjdsnvjdnfjhdjfhefebfndbgfbferwjnfjk 
dhfjenfnsdncjdsnfnfnfjkdhjjfanfenflasjdhdsnfnklwkskekjfiusahnc 
jksdfdfdshfwef,msnciojcisnfawm.,;cs;lvnkjfoiewvv,msnflwsfklsnfkwjfkwejfe.
